✔ readiness gates keep new route and advertised capability closed without upstream calls (92.0027ms)
✔ untrusted sender, unknown keys, query injection and wrong origin never reach message RPC (18.2613ms)
✔ RPC forwards server session identity and preserves rejection with sanitized errors (29.5702ms)
✔ closed backend, wrong origins, bad configuration and unsupported routes make no upstream request (96.6593ms)
✔ Google start stays fail-closed even when a legacy flag is accidentally set (5.429ms)
✔ Google visibility requires the new rollout gate, registration and pilot readiness together (7.0076ms)
✔ Google gateway completes browser navigation into the existing session and preserves write CSRF checks (25.4017ms)
✔ failed Google callback cleans verifier URL and returns the user to a retryable login (1.7107ms)
✔ the case-state tables are reachable through the gateway and the allowlist stays an allowlist (12.1396ms)
✔ OTP requires an invited email, explicit current consent and a bounded body before sending (9.1787ms)
✔ OTP verification keeps provider session, identity metadata and JWT out of browser JSON (18.1769ms)
✔ a fresh provider session supplies the data token; caller Authorization and stray cookies are discarded (2.7565ms)
✔ current Neon cookie survives OTP -> browser session -> data; unrelated cookie caches stay private (5.4442ms)
✔ Cloudflare extensionless HTML redirects stay inside the public asset allowlist (5.9127ms)
✔ missing or ambiguous provider cookies fail closed with an actionable code, never a raw provider body (6.9193ms)
✔ client explains expired OTP and treats a temporary data failure as recoverable without forgetting the user (5.3948ms)
✔ missing, malformed or revoked sessions stop before any data access; no hidden retry on provider failures (6.0721ms)
✔ logout clears local HttpOnly cookie even when upstream revocation fails (1.4815ms)
✔ published worker serves only the allowlist, keeps configuration closed and protects every response (6.9187ms)
✔ Neon reuses the exact profile contract and sends no browser bearer token or provider URL (5.2337ms)
✔ browser fetch is called without rebinding its receiver to the store (2.5275ms)
✔ migration preserves canonical rules, adds private verified-member gate, and never assumes it was applied (208.3764ms)
✔ SYN_SQL_GENERATION_BYTE_PROVEN: case-state migration is additive, generated byte-for-byte, and never assumed applied (16.8976ms)
✔ lost POST response and explicit retry produce exactly one stored message (186.6479ms)
✔ failed read after committed send reuses intent; acknowledged repeat is a new message (185.8889ms)
✔ ordinary dashboard refresh keeps ambiguous intent in the same authenticated account (143.3059ms)
✔ concurrent same intent collapses; different text remains a separate explicit send (118.1157ms)
✔ authentication reset forgets pending intent (14.9053ms)
✔ late committed acknowledgement is rejected after same-account restore (5.7508ms)
✔ forged acknowledgement keeps the exact intent for later manual recovery (13.3368ms)
✔ outsider and cancelled meeting cannot send, and malformed config never enables the new lane (7.5297ms)
✔ Google start requires readiness and consent before requesting or redirecting (91.2521ms)
✔ Google start never redirects on upstream failure or an unexpected destination (9.303ms)
ℹ tests 33
ℹ suites 0
ℹ pass 33
ℹ fail 0
ℹ cancelled 0
ℹ skipped 0
ℹ todo 0
ℹ duration_ms 1117.1257
